[0.019s] Invoking command in '/home/alex/21iulie_ws/build/turtlebot_description': CMAKE_PREFIX_PATH=${CMAKE_PREFIX_PATH}:/home/alex/21iulie_ws/install/turtlebot_control:/opt/ros/jazzy DEBUGINFOD_URLS=https://debuginfod.ubuntu.com /usr/bin/cmake --build /home/alex/21iulie_ws/build/turtlebot_description -- -j12 -l12
[0.087s] Invoked command in '/home/alex/21iulie_ws/build/turtlebot_description' returned '0': CMAKE_PREFIX_PATH=${CMAKE_PREFIX_PATH}:/home/alex/21iulie_ws/install/turtlebot_control:/opt/ros/jazzy DEBUGINFOD_URLS=https://debuginfod.ubuntu.com /usr/bin/cmake --build /home/alex/21iulie_ws/build/turtlebot_description -- -j12 -l12
[0.107s] Invoking command in '/home/alex/21iulie_ws/build/turtlebot_description': CMAKE_PREFIX_PATH=${CMAKE_PREFIX_PATH}:/home/alex/21iulie_ws/install/turtlebot_control:/opt/ros/jazzy DEBUGINFOD_URLS=https://debuginfod.ubuntu.com /usr/bin/cmake --install /home/alex/21iulie_ws/build/turtlebot_description
[0.124s] -- Install configuration: ""
[0.125s] -- Up-to-date: /home/alex/21iulie_ws/install/turtlebot_description/share/ament_index/resource_index/package_run_dependencies/turtlebot_description
[0.125s] -- Up-to-date: /home/alex/21iulie_ws/install/turtlebot_description/share/ament_index/resource_index/parent_prefix_path/turtlebot_description
[0.125s] -- Up-to-date: /home/alex/21iulie_ws/install/turtlebot_description/share/turtlebot_description/environment/ament_prefix_path.sh
[0.125s] -- Up-to-date: /home/alex/21iulie_ws/install/turtlebot_description/share/turtlebot_description/environment/ament_prefix_path.dsv
[0.125s] -- Up-to-date: /home/alex/21iulie_ws/install/turtlebot_description/share/turtlebot_description/environment/path.sh
[0.126s] -- Up-to-date: /home/alex/21iulie_ws/install/turtlebot_description/share/turtlebot_description/environment/path.dsv
[0.126s] -- Up-to-date: /home/alex/21iulie_ws/install/turtlebot_description/share/turtlebot_description/local_setup.bash
[0.126s] -- Up-to-date: /home/alex/21iulie_ws/install/turtlebot_description/share/turtlebot_description/local_setup.sh
[0.126s] -- Up-to-date: /home/alex/21iulie_ws/install/turtlebot_description/share/turtlebot_description/local_setup.zsh
[0.127s] -- Up-to-date: /home/alex/21iulie_ws/install/turtlebot_description/share/turtlebot_description/local_setup.dsv
[0.129s] -- Up-to-date: /home/alex/21iulie_ws/install/turtlebot_description/share/turtlebot_description/package.dsv
[0.129s] -- Up-to-date: /home/alex/21iulie_ws/install/turtlebot_description/share/ament_index/resource_index/packages/turtlebot_description
[0.130s] -- Up-to-date: /home/alex/21iulie_ws/install/turtlebot_description/share/turtlebot_description/cmake/turtlebot_descriptionConfig.cmake
[0.131s] -- Up-to-date: /home/alex/21iulie_ws/install/turtlebot_description/share/turtlebot_description/cmake/turtlebot_descriptionConfig-version.cmake
[0.131s] -- Up-to-date: /home/alex/21iulie_ws/install/turtlebot_description/share/turtlebot_description/package.xml
[0.132s] Invoked command in '/home/alex/21iulie_ws/build/turtlebot_description' returned '0': CMAKE_PREFIX_PATH=${CMAKE_PREFIX_PATH}:/home/alex/21iulie_ws/install/turtlebot_control:/opt/ros/jazzy DEBUGINFOD_URLS=https://debuginfod.ubuntu.com /usr/bin/cmake --install /home/alex/21iulie_ws/build/turtlebot_description
