[0.018s] Invoking command in '/home/alex/21iulie_ws/build/turtlebot_description': CMAKE_PREFIX_PATH=${CMAKE_PREFIX_PATH}:/home/alex/21iulie_ws/install/turtlebot_control:/opt/ros/jazzy DEBUGINFOD_URLS=https://debuginfod.ubuntu.com /usr/bin/cmake --build /home/alex/21iulie_ws/build/turtlebot_description -- -j12 -l12
[0.084s] Invoked command in '/home/alex/21iulie_ws/build/turtlebot_description' returned '0': CMAKE_PREFIX_PATH=${CMAKE_PREFIX_PATH}:/home/alex/21iulie_ws/install/turtlebot_control:/opt/ros/jazzy DEBUGINFOD_URLS=https://debuginfod.ubuntu.com /usr/bin/cmake --build /home/alex/21iulie_ws/build/turtlebot_description -- -j12 -l12
[0.099s] Invoking command in '/home/alex/21iulie_ws/build/turtlebot_description': CMAKE_PREFIX_PATH=${CMAKE_PREFIX_PATH}:/home/alex/21iulie_ws/install/turtlebot_control:/opt/ros/jazzy DEBUGINFOD_URLS=https://debuginfod.ubuntu.com /usr/bin/cmake --install /home/alex/21iulie_ws/build/turtlebot_description
[0.115s] -- Install configuration: ""
[0.116s] -- Up-to-date: /home/alex/21iulie_ws/install/turtlebot_description/share/turtlebot_description/urdf
[0.116s] -- Installing: /home/alex/21iulie_ws/install/turtlebot_description/share/turtlebot_description/urdf/robot.urdf.xacro
[0.116s] -- Up-to-date: /home/alex/21iulie_ws/install/turtlebot_description/share/turtlebot_description/launch
[0.117s] -- Up-to-date: /home/alex/21iulie_ws/install/turtlebot_description/share/turtlebot_description/launch/sim.launch.py
[0.117s] -- Up-to-date: /home/alex/21iulie_ws/install/turtlebot_description/share/ament_index/resource_index/package_run_dependencies/turtlebot_description
[0.117s] -- Up-to-date: /home/alex/21iulie_ws/install/turtlebot_description/share/ament_index/resource_index/parent_prefix_path/turtlebot_description
[0.117s] -- Up-to-date: /home/alex/21iulie_ws/install/turtlebot_description/share/turtlebot_description/environment/ament_prefix_path.sh
[0.117s] -- Up-to-date: /home/alex/21iulie_ws/install/turtlebot_description/share/turtlebot_description/environment/ament_prefix_path.dsv
[0.117s] -- Up-to-date: /home/alex/21iulie_ws/install/turtlebot_description/share/turtlebot_description/environment/path.sh
[0.118s] -- Up-to-date: /home/alex/21iulie_ws/install/turtlebot_description/share/turtlebot_description/environment/path.dsv
[0.118s] -- Up-to-date: /home/alex/21iulie_ws/install/turtlebot_description/share/turtlebot_description/local_setup.bash
[0.118s] -- Up-to-date: /home/alex/21iulie_ws/install/turtlebot_description/share/turtlebot_description/local_setup.sh
[0.118s] -- Up-to-date: /home/alex/21iulie_ws/install/turtlebot_description/share/turtlebot_description/local_setup.zsh
[0.118s] -- Up-to-date: /home/alex/21iulie_ws/install/turtlebot_description/share/turtlebot_description/local_setup.dsv
[0.118s] -- Installing: /home/alex/21iulie_ws/install/turtlebot_description/share/turtlebot_description/package.dsv
[0.119s] -- Up-to-date: /home/alex/21iulie_ws/install/turtlebot_description/share/ament_index/resource_index/packages/turtlebot_description
[0.119s] -- Up-to-date: /home/alex/21iulie_ws/install/turtlebot_description/share/turtlebot_description/cmake/turtlebot_descriptionConfig.cmake
[0.120s] -- Up-to-date: /home/alex/21iulie_ws/install/turtlebot_description/share/turtlebot_description/cmake/turtlebot_descriptionConfig-version.cmake
[0.120s] -- Up-to-date: /home/alex/21iulie_ws/install/turtlebot_description/share/turtlebot_description/package.xml
[0.121s] Invoked command in '/home/alex/21iulie_ws/build/turtlebot_description' returned '0': CMAKE_PREFIX_PATH=${CMAKE_PREFIX_PATH}:/home/alex/21iulie_ws/install/turtlebot_control:/opt/ros/jazzy DEBUGINFOD_URLS=https://debuginfod.ubuntu.com /usr/bin/cmake --install /home/alex/21iulie_ws/build/turtlebot_description
