-- Install configuration: ""
-- Up-to-date: /home/alex/21iulie_ws/install/turtlebot_description/share/turtlebot_description/urdf
-- Installing: /home/alex/21iulie_ws/install/turtlebot_description/share/turtlebot_description/urdf/robot.urdf.xacro
-- Up-to-date: /home/alex/21iulie_ws/install/turtlebot_description/share/turtlebot_description/launch
-- Installing: /home/alex/21iulie_ws/install/turtlebot_description/share/turtlebot_description/launch/sim.launch.py
-- Up-to-date: /home/alex/21iulie_ws/install/turtlebot_description/share/ament_index/resource_index/package_run_dependencies/turtlebot_description
-- Up-to-date: /home/alex/21iulie_ws/install/turtlebot_description/share/ament_index/resource_index/parent_prefix_path/turtlebot_description
-- Up-to-date: /home/alex/21iulie_ws/install/turtlebot_description/share/turtlebot_description/environment/ament_prefix_path.sh
-- Up-to-date: /home/alex/21iulie_ws/install/turtlebot_description/share/turtlebot_description/environment/ament_prefix_path.dsv
-- Up-to-date: /home/alex/21iulie_ws/install/turtlebot_description/share/turtlebot_description/environment/path.sh
-- Up-to-date: /home/alex/21iulie_ws/install/turtlebot_description/share/turtlebot_description/environment/path.dsv
-- Up-to-date: /home/alex/21iulie_ws/install/turtlebot_description/share/turtlebot_description/local_setup.bash
-- Up-to-date: /home/alex/21iulie_ws/install/turtlebot_description/share/turtlebot_description/local_setup.sh
-- Up-to-date: /home/alex/21iulie_ws/install/turtlebot_description/share/turtlebot_description/local_setup.zsh
-- Up-to-date: /home/alex/21iulie_ws/install/turtlebot_description/share/turtlebot_description/local_setup.dsv
-- Installing: /home/alex/21iulie_ws/install/turtlebot_description/share/turtlebot_description/package.dsv
-- Up-to-date: /home/alex/21iulie_ws/install/turtlebot_description/share/ament_index/resource_index/packages/turtlebot_description
-- Up-to-date: /home/alex/21iulie_ws/install/turtlebot_description/share/turtlebot_description/cmake/turtlebot_descriptionConfig.cmake
-- Up-to-date: /home/alex/21iulie_ws/install/turtlebot_description/share/turtlebot_description/cmake/turtlebot_descriptionConfig-version.cmake
-- Up-to-date: /home/alex/21iulie_ws/install/turtlebot_description/share/turtlebot_description/package.xml
