running egg_info
creating ../../build/turtlebot_control/turtlebot_control.egg-info
writing ../../build/turtlebot_control/turtlebot_control.egg-info/PKG-INFO
writing dependency_links to ../../build/turtlebot_control/turtlebot_control.egg-info/dependency_links.txt
writing requirements to ../../build/turtlebot_control/turtlebot_control.egg-info/requires.txt
writing top-level names to ../../build/turtlebot_control/turtlebot_control.egg-info/top_level.txt
writing manifest file '../../build/turtlebot_control/turtlebot_control.egg-info/SOURCES.txt'
reading manifest file '../../build/turtlebot_control/turtlebot_control.egg-info/SOURCES.txt'
writing manifest file '../../build/turtlebot_control/turtlebot_control.egg-info/SOURCES.txt'
running build
running build_py
creating /home/alex/21iulie_ws/build/turtlebot_control/build
creating /home/alex/21iulie_ws/build/turtlebot_control/build/lib
creating /home/alex/21iulie_ws/build/turtlebot_control/build/lib/turtlebot_control
copying turtlebot_control/__init__.py -> /home/alex/21iulie_ws/build/turtlebot_control/build/lib/turtlebot_control
running install
running install_lib
creating /home/alex/21iulie_ws/install/turtlebot_control/lib/python3.12/site-packages/turtlebot_control
copying /home/alex/21iulie_ws/build/turtlebot_control/build/lib/turtlebot_control/__init__.py -> /home/alex/21iulie_ws/install/turtlebot_control/lib/python3.12/site-packages/turtlebot_control
byte-compiling /home/alex/21iulie_ws/install/turtlebot_control/lib/python3.12/site-packages/turtlebot_control/__init__.py to __init__.cpython-312.pyc
running install_data
creating /home/alex/21iulie_ws/install/turtlebot_control/share/ament_index
creating /home/alex/21iulie_ws/install/turtlebot_control/share/ament_index/resource_index
creating /home/alex/21iulie_ws/install/turtlebot_control/share/ament_index/resource_index/packages
copying resource/turtlebot_control -> /home/alex/21iulie_ws/install/turtlebot_control/share/ament_index/resource_index/packages
copying package.xml -> /home/alex/21iulie_ws/install/turtlebot_control/share/turtlebot_control
running install_egg_info
Copying ../../build/turtlebot_control/turtlebot_control.egg-info to /home/alex/21iulie_ws/install/turtlebot_control/lib/python3.12/site-packages/turtlebot_control-0.0.0-py3.12.egg-info
running install_scripts
writing list of installed files to '/home/alex/21iulie_ws/build/turtlebot_control/install.log'
