[1.385s] Invoking command in '/home/alex/21iulie_ws/src/turtlebot_control': DEBUGINFOD_URLS=https://debuginfod.ubuntu.com PYTHONPATH=/home/alex/21iulie_ws/build/turtlebot_control/prefix_override:/usr/lib/python3/dist-packages/colcon_core/task/python/colcon_distutils_commands:/home/alex/21iulie_ws/install/turtlebot_control/lib/python3.12/site-packages:${PYTHONPATH} /usr/bin/python3 -W ignore:setup.py install is deprecated -W ignore:easy_install command is deprecated setup.py egg_info --egg-base ../../build/turtlebot_control build --build-base /home/alex/21iulie_ws/build/turtlebot_control/build install --record /home/alex/21iulie_ws/build/turtlebot_control/install.log --single-version-externally-managed install_data
[1.774s] running egg_info
[1.775s] creating ../../build/turtlebot_control/turtlebot_control.egg-info
[1.799s] writing ../../build/turtlebot_control/turtlebot_control.egg-info/PKG-INFO
[1.799s] writing dependency_links to ../../build/turtlebot_control/turtlebot_control.egg-info/dependency_links.txt
[1.799s] writing requirements to ../../build/turtlebot_control/turtlebot_control.egg-info/requires.txt
[1.800s] writing top-level names to ../../build/turtlebot_control/turtlebot_control.egg-info/top_level.txt
[1.800s] writing manifest file '../../build/turtlebot_control/turtlebot_control.egg-info/SOURCES.txt'
[1.851s] reading manifest file '../../build/turtlebot_control/turtlebot_control.egg-info/SOURCES.txt'
[1.851s] writing manifest file '../../build/turtlebot_control/turtlebot_control.egg-info/SOURCES.txt'
[1.852s] running build
[1.852s] running build_py
[1.852s] creating /home/alex/21iulie_ws/build/turtlebot_control/build
[1.852s] creating /home/alex/21iulie_ws/build/turtlebot_control/build/lib
[1.852s] creating /home/alex/21iulie_ws/build/turtlebot_control/build/lib/turtlebot_control
[1.852s] copying turtlebot_control/__init__.py -> /home/alex/21iulie_ws/build/turtlebot_control/build/lib/turtlebot_control
[1.852s] running install
[1.861s] running install_lib
[1.886s] creating /home/alex/21iulie_ws/install/turtlebot_control/lib/python3.12/site-packages/turtlebot_control
[1.887s] copying /home/alex/21iulie_ws/build/turtlebot_control/build/lib/turtlebot_control/__init__.py -> /home/alex/21iulie_ws/install/turtlebot_control/lib/python3.12/site-packages/turtlebot_control
[1.887s] byte-compiling /home/alex/21iulie_ws/install/turtlebot_control/lib/python3.12/site-packages/turtlebot_control/__init__.py to __init__.cpython-312.pyc
[1.887s] running install_data
[1.888s] creating /home/alex/21iulie_ws/install/turtlebot_control/share/ament_index
[1.888s] creating /home/alex/21iulie_ws/install/turtlebot_control/share/ament_index/resource_index
[1.888s] creating /home/alex/21iulie_ws/install/turtlebot_control/share/ament_index/resource_index/packages
[1.888s] copying resource/turtlebot_control -> /home/alex/21iulie_ws/install/turtlebot_control/share/ament_index/resource_index/packages
[1.888s] copying package.xml -> /home/alex/21iulie_ws/install/turtlebot_control/share/turtlebot_control
[1.888s] running install_egg_info
[1.916s] Copying ../../build/turtlebot_control/turtlebot_control.egg-info to /home/alex/21iulie_ws/install/turtlebot_control/lib/python3.12/site-packages/turtlebot_control-0.0.0-py3.12.egg-info
[1.917s] running install_scripts
[2.088s] writing list of installed files to '/home/alex/21iulie_ws/build/turtlebot_control/install.log'
[2.137s] Invoked command in '/home/alex/21iulie_ws/src/turtlebot_control' returned '0': DEBUGINFOD_URLS=https://debuginfod.ubuntu.com PYTHONPATH=/home/alex/21iulie_ws/build/turtlebot_control/prefix_override:/usr/lib/python3/dist-packages/colcon_core/task/python/colcon_distutils_commands:/home/alex/21iulie_ws/install/turtlebot_control/lib/python3.12/site-packages:${PYTHONPATH} /usr/bin/python3 -W ignore:setup.py install is deprecated -W ignore:easy_install command is deprecated setup.py egg_info --egg-base ../../build/turtlebot_control build --build-base /home/alex/21iulie_ws/build/turtlebot_control/build install --record /home/alex/21iulie_ws/build/turtlebot_control/install.log --single-version-externally-managed install_data
