[0.020s] Invoking command in '/home/alex/21iulie_ws/build/turtlebot_description': CMAKE_PREFIX_PATH=${CMAKE_PREFIX_PATH}:/home/alex/21iulie_ws/install/turtlebot_control:/opt/ros/jazzy DEBUGINFOD_URLS=https://debuginfod.ubuntu.com /usr/bin/cmake --build /home/alex/21iulie_ws/build/turtlebot_description -- -j12 -l12
[0.064s] -- Found ament_cmake: 2.5.6 (/opt/ros/jazzy/share/ament_cmake/cmake)
[0.466s] -- Found ament_lint_auto: 0.17.5 (/opt/ros/jazzy/share/ament_lint_auto/cmake)
[0.611s] -- Added test 'flake8' to check Python code syntax and style conventions
[0.611s] -- Configured 'flake8' exclude dirs and/or files: 
[0.612s] -- Added test 'lint_cmake' to check CMake code style
[0.612s] -- Added test 'pep257' to check Python code against some of the docstring style conventions in PEP 257
[0.612s] -- Added test 'xmllint' to check XML markup files
[0.614s] -- Configuring done (0.6s)
[0.618s] -- Generating done (0.0s)
[0.622s] -- Build files have been written to: /home/alex/21iulie_ws/build/turtlebot_description
[0.667s] Invoked command in '/home/alex/21iulie_ws/build/turtlebot_description' returned '0': CMAKE_PREFIX_PATH=${CMAKE_PREFIX_PATH}:/home/alex/21iulie_ws/install/turtlebot_control:/opt/ros/jazzy DEBUGINFOD_URLS=https://debuginfod.ubuntu.com /usr/bin/cmake --build /home/alex/21iulie_ws/build/turtlebot_description -- -j12 -l12
[0.689s] Invoking command in '/home/alex/21iulie_ws/build/turtlebot_description': CMAKE_PREFIX_PATH=${CMAKE_PREFIX_PATH}:/home/alex/21iulie_ws/install/turtlebot_control:/opt/ros/jazzy DEBUGINFOD_URLS=https://debuginfod.ubuntu.com /usr/bin/cmake --install /home/alex/21iulie_ws/build/turtlebot_description
[0.703s] -- Install configuration: ""
[0.704s] -- Installing: /home/alex/21iulie_ws/install/turtlebot_description/share/turtlebot_description/urdf
[0.704s] -- Installing: /home/alex/21iulie_ws/install/turtlebot_description/share/turtlebot_description/launch
[0.705s] -- Installing: /home/alex/21iulie_ws/install/turtlebot_description/share/turtlebot_description/launch/sim.launch.py
[0.705s] -- Up-to-date: /home/alex/21iulie_ws/install/turtlebot_description/share/ament_index/resource_index/package_run_dependencies/turtlebot_description
[0.705s] -- Installing: /home/alex/21iulie_ws/install/turtlebot_description/share/ament_index/resource_index/parent_prefix_path/turtlebot_description
[0.705s] -- Up-to-date: /home/alex/21iulie_ws/install/turtlebot_description/share/turtlebot_description/environment/ament_prefix_path.sh
[0.706s] -- Up-to-date: /home/alex/21iulie_ws/install/turtlebot_description/share/turtlebot_description/environment/ament_prefix_path.dsv
[0.706s] -- Up-to-date: /home/alex/21iulie_ws/install/turtlebot_description/share/turtlebot_description/environment/path.sh
[0.706s] -- Up-to-date: /home/alex/21iulie_ws/install/turtlebot_description/share/turtlebot_description/environment/path.dsv
[0.706s] -- Up-to-date: /home/alex/21iulie_ws/install/turtlebot_description/share/turtlebot_description/local_setup.bash
[0.706s] -- Up-to-date: /home/alex/21iulie_ws/install/turtlebot_description/share/turtlebot_description/local_setup.sh
[0.707s] -- Up-to-date: /home/alex/21iulie_ws/install/turtlebot_description/share/turtlebot_description/local_setup.zsh
[0.707s] -- Up-to-date: /home/alex/21iulie_ws/install/turtlebot_description/share/turtlebot_description/local_setup.dsv
[0.707s] -- Installing: /home/alex/21iulie_ws/install/turtlebot_description/share/turtlebot_description/package.dsv
[0.708s] -- Up-to-date: /home/alex/21iulie_ws/install/turtlebot_description/share/ament_index/resource_index/packages/turtlebot_description
[0.710s] -- Up-to-date: /home/alex/21iulie_ws/install/turtlebot_description/share/turtlebot_description/cmake/turtlebot_descriptionConfig.cmake
[0.711s] -- Up-to-date: /home/alex/21iulie_ws/install/turtlebot_description/share/turtlebot_description/cmake/turtlebot_descriptionConfig-version.cmake
[0.712s] -- Up-to-date: /home/alex/21iulie_ws/install/turtlebot_description/share/turtlebot_description/package.xml
[0.713s] Invoked command in '/home/alex/21iulie_ws/build/turtlebot_description' returned '0': CMAKE_PREFIX_PATH=${CMAKE_PREFIX_PATH}:/home/alex/21iulie_ws/install/turtlebot_control:/opt/ros/jazzy DEBUGINFOD_URLS=https://debuginfod.ubuntu.com /usr/bin/cmake --install /home/alex/21iulie_ws/build/turtlebot_description
