[0.017s] Invoking command in '/home/alex/21iulie_ws/build/turtlebot_description': CMAKE_PREFIX_PATH=${CMAKE_PREFIX_PATH}:/home/alex/21iulie_ws/install/turtlebot_control:/opt/ros/jazzy DEBUGINFOD_URLS=https://debuginfod.ubuntu.com /usr/bin/cmake /home/alex/21iulie_ws/src/turtlebot_description -DCMAKE_INSTALL_PREFIX=/home/alex/21iulie_ws/install/turtlebot_description
[0.241s] -- The C compiler identification is GNU 13.3.0
[0.435s] -- The CXX compiler identification is GNU 13.3.0
[0.474s] -- Detecting C compiler ABI info
[0.664s] -- Detecting C compiler ABI info - done
[0.684s] -- Check for working C compiler: /usr/bin/cc - skipped
[0.686s] -- Detecting C compile features
[0.687s] -- Detecting C compile features - done
[0.707s] -- Detecting CXX compiler ABI info
[0.888s] -- Detecting CXX compiler ABI info - done
[0.907s] -- Check for working CXX compiler: /usr/bin/c++ - skipped
[0.908s] -- Detecting CXX compile features
[0.909s] -- Detecting CXX compile features - done
[0.932s] -- Found ament_cmake: 2.5.6 (/opt/ros/jazzy/share/ament_cmake/cmake)
[1.201s] -- Found Python3: /usr/bin/python3 (found version "3.12.3") found components: Interpreter 
[1.425s] -- Found ament_lint_auto: 0.17.5 (/opt/ros/jazzy/share/ament_lint_auto/cmake)
[1.618s] -- Added test 'flake8' to check Python code syntax and style conventions
[1.618s] -- Configured 'flake8' exclude dirs and/or files: 
[1.620s] -- Added test 'lint_cmake' to check CMake code style
[1.622s] -- Added test 'pep257' to check Python code against some of the docstring style conventions in PEP 257
[1.625s] -- Added test 'xmllint' to check XML markup files
[1.629s] -- Configuring done (1.6s)
[1.635s] -- Generating done (0.0s)
[1.639s] -- Build files have been written to: /home/alex/21iulie_ws/build/turtlebot_description
[1.651s] Invoked command in '/home/alex/21iulie_ws/build/turtlebot_description' returned '0': CMAKE_PREFIX_PATH=${CMAKE_PREFIX_PATH}:/home/alex/21iulie_ws/install/turtlebot_control:/opt/ros/jazzy DEBUGINFOD_URLS=https://debuginfod.ubuntu.com /usr/bin/cmake /home/alex/21iulie_ws/src/turtlebot_description -DCMAKE_INSTALL_PREFIX=/home/alex/21iulie_ws/install/turtlebot_description
[1.652s] Invoking command in '/home/alex/21iulie_ws/build/turtlebot_description': CMAKE_PREFIX_PATH=${CMAKE_PREFIX_PATH}:/home/alex/21iulie_ws/install/turtlebot_control:/opt/ros/jazzy DEBUGINFOD_URLS=https://debuginfod.ubuntu.com /usr/bin/cmake --build /home/alex/21iulie_ws/build/turtlebot_description -- -j12 -l12
[1.728s] Invoked command in '/home/alex/21iulie_ws/build/turtlebot_description' returned '0': CMAKE_PREFIX_PATH=${CMAKE_PREFIX_PATH}:/home/alex/21iulie_ws/install/turtlebot_control:/opt/ros/jazzy DEBUGINFOD_URLS=https://debuginfod.ubuntu.com /usr/bin/cmake --build /home/alex/21iulie_ws/build/turtlebot_description -- -j12 -l12
[1.749s] Invoking command in '/home/alex/21iulie_ws/build/turtlebot_description': CMAKE_PREFIX_PATH=${CMAKE_PREFIX_PATH}:/home/alex/21iulie_ws/install/turtlebot_control:/opt/ros/jazzy DEBUGINFOD_URLS=https://debuginfod.ubuntu.com /usr/bin/cmake --install /home/alex/21iulie_ws/build/turtlebot_description
[1.767s] -- Install configuration: ""
[1.767s] -- Installing: /home/alex/21iulie_ws/install/turtlebot_description/share/ament_index/resource_index/package_run_dependencies/turtlebot_description
[1.768s] -- Installing: /home/alex/21iulie_ws/install/turtlebot_description/share/ament_index/resource_index/parent_prefix_path/turtlebot_description
[1.768s] -- Installing: /home/alex/21iulie_ws/install/turtlebot_description/share/turtlebot_description/environment/ament_prefix_path.sh
[1.768s] -- Installing: /home/alex/21iulie_ws/install/turtlebot_description/share/turtlebot_description/environment/ament_prefix_path.dsv
[1.768s] -- Installing: /home/alex/21iulie_ws/install/turtlebot_description/share/turtlebot_description/environment/path.sh
[1.769s] -- Installing: /home/alex/21iulie_ws/install/turtlebot_description/share/turtlebot_description/environment/path.dsv
[1.769s] -- Installing: /home/alex/21iulie_ws/install/turtlebot_description/share/turtlebot_description/local_setup.bash
[1.769s] -- Installing: /home/alex/21iulie_ws/install/turtlebot_description/share/turtlebot_description/local_setup.sh
[1.769s] -- Installing: /home/alex/21iulie_ws/install/turtlebot_description/share/turtlebot_description/local_setup.zsh
[1.769s] -- Installing: /home/alex/21iulie_ws/install/turtlebot_description/share/turtlebot_description/local_setup.dsv
[1.769s] -- Installing: /home/alex/21iulie_ws/install/turtlebot_description/share/turtlebot_description/package.dsv
[1.769s] -- Installing: /home/alex/21iulie_ws/install/turtlebot_description/share/ament_index/resource_index/packages/turtlebot_description
[1.769s] -- Installing: /home/alex/21iulie_ws/install/turtlebot_description/share/turtlebot_description/cmake/turtlebot_descriptionConfig.cmake
[1.770s] -- Installing: /home/alex/21iulie_ws/install/turtlebot_description/share/turtlebot_description/cmake/turtlebot_descriptionConfig-version.cmake
[1.770s] -- Installing: /home/alex/21iulie_ws/install/turtlebot_description/share/turtlebot_description/package.xml
[1.773s] Invoked command in '/home/alex/21iulie_ws/build/turtlebot_description' returned '0': CMAKE_PREFIX_PATH=${CMAKE_PREFIX_PATH}:/home/alex/21iulie_ws/install/turtlebot_control:/opt/ros/jazzy DEBUGINFOD_URLS=https://debuginfod.ubuntu.com /usr/bin/cmake --install /home/alex/21iulie_ws/build/turtlebot_description
