[0.065s] DEBUG:colcon:Command line arguments: ['/usr/bin/colcon', 'build', '--packages-select', 'turtlebot_description']
[0.065s] DEBUG:colcon:Parsed command line arguments: Namespace(log_base=None, log_level=None, verb_name='build', build_base='build', install_base='install', merge_install=False, symlink_install=False, test_result_base=None, continue_on_error=False, executor='parallel', parallel_workers=12, event_handlers=None, ignore_user_meta=False, metas=['./colcon.meta'], base_paths=['.'], packages_ignore=None, packages_ignore_regex=None, paths=None, packages_up_to=None, packages_up_to_regex=None, packages_above=None, packages_above_and_dependencies=None, packages_above_depth=None, packages_select_by_dep=None, packages_skip_by_dep=None, packages_skip_up_to=None, packages_select_build_failed=False, packages_skip_build_finished=False, packages_select_test_failures=False, packages_skip_test_passed=False, packages_select=['turtlebot_description'], packages_skip=None, packages_select_regex=None, packages_skip_regex=None, packages_start=None, packages_end=None, allow_overriding=[], cmake_args=None, cmake_target=None, cmake_target_skip_unavailable=False, cmake_clean_cache=False, cmake_clean_first=False, cmake_force_configure=False, ament_cmake_args=None, catkin_cmake_args=None, catkin_skip_building_tests=False, mixin_files=None, mixin=None, verb_parser=<colcon_mixin.mixin.mixin_argument.MixinArgumentDecorator object at 0x789daabab200>, verb_extension=<colcon_core.verb.build.BuildVerb object at 0x789daacc7620>, main=<bound method BuildVerb.main of <colcon_core.verb.build.BuildVerb object at 0x789daacc7620>>, mixin_verb=('build',))
[0.088s] Level 1:colcon.colcon_core.package_discovery:discover_packages(colcon_meta) check parameters
[0.088s] Level 1:colcon.colcon_core.package_discovery:discover_packages(recursive) check parameters
[0.088s] Level 1:colcon.colcon_core.package_discovery:discover_packages(ignore) check parameters
[0.088s] Level 1:colcon.colcon_core.package_discovery:discover_packages(path) check parameters
[0.088s] Level 1:colcon.colcon_core.package_discovery:discover_packages(colcon_meta) discover
[0.088s] Level 1:colcon.colcon_core.package_discovery:discover_packages(recursive) discover
[0.088s] INFO:colcon.colcon_core.package_discovery:Crawling recursively for packages in '/home/alex/21iulie_ws'
[0.088s] Level 1:colcon.colcon_core.package_identification:_identify(.) by extensions ['ignore', 'ignore_ament_install']
[0.088s] Level 1:colcon.colcon_core.package_identification:_identify(.) by extension 'ignore'
[0.088s] Level 1:colcon.colcon_core.package_identification:_identify(.) by extension 'ignore_ament_install'
[0.088s] Level 1:colcon.colcon_core.package_identification:_identify(.) by extensions ['colcon_pkg']
[0.088s] Level 1:colcon.colcon_core.package_identification:_identify(.) by extension 'colcon_pkg'
[0.088s] Level 1:colcon.colcon_core.package_identification:_identify(.) by extensions ['colcon_meta']
[0.088s] Level 1:colcon.colcon_core.package_identification:_identify(.) by extension 'colcon_meta'
[0.088s] Level 1:colcon.colcon_core.package_identification:_identify(.) by extensions ['ros']
[0.088s] Level 1:colcon.colcon_core.package_identification:_identify(.) by extension 'ros'
[0.104s] Level 1:colcon.colcon_core.package_identification:_identify(.) by extensions ['cmake', 'python']
[0.104s] Level 1:colcon.colcon_core.package_identification:_identify(.) by extension 'cmake'
[0.104s] Level 1:colcon.colcon_core.package_identification:_identify(.) by extension 'python'
[0.104s] Level 1:colcon.colcon_core.package_identification:_identify(.) by extensions ['python_setup_py']
[0.104s] Level 1:colcon.colcon_core.package_identification:_identify(.) by extension 'python_setup_py'
[0.104s] Level 1:colcon.colcon_core.package_identification:_identify(build) by extensions ['ignore', 'ignore_ament_install']
[0.105s] Level 1:colcon.colcon_core.package_identification:_identify(build) by extension 'ignore'
[0.105s] Level 1:colcon.colcon_core.package_identification:_identify(build) ignored
[0.105s] Level 1:colcon.colcon_core.package_identification:_identify(install) by extensions ['ignore', 'ignore_ament_install']
[0.105s] Level 1:colcon.colcon_core.package_identification:_identify(install) by extension 'ignore'
[0.105s] Level 1:colcon.colcon_core.package_identification:_identify(install) ignored
[0.105s] Level 1:colcon.colcon_core.package_identification:_identify(log) by extensions ['ignore', 'ignore_ament_install']
[0.105s] Level 1:colcon.colcon_core.package_identification:_identify(log) by extension 'ignore'
[0.105s] Level 1:colcon.colcon_core.package_identification:_identify(log) ignored
[0.105s] Level 1:colcon.colcon_core.package_identification:_identify(src) by extensions ['ignore', 'ignore_ament_install']
[0.105s] Level 1:colcon.colcon_core.package_identification:_identify(src) by extension 'ignore'
[0.105s] Level 1:colcon.colcon_core.package_identification:_identify(src) by extension 'ignore_ament_install'
[0.105s] Level 1:colcon.colcon_core.package_identification:_identify(src) by extensions ['colcon_pkg']
[0.105s] Level 1:colcon.colcon_core.package_identification:_identify(src) by extension 'colcon_pkg'
[0.105s] Level 1:colcon.colcon_core.package_identification:_identify(src) by extensions ['colcon_meta']
[0.105s] Level 1:colcon.colcon_core.package_identification:_identify(src) by extension 'colcon_meta'
[0.105s] Level 1:colcon.colcon_core.package_identification:_identify(src) by extensions ['ros']
[0.105s] Level 1:colcon.colcon_core.package_identification:_identify(src) by extension 'ros'
[0.105s] Level 1:colcon.colcon_core.package_identification:_identify(src) by extensions ['cmake', 'python']
[0.105s] Level 1:colcon.colcon_core.package_identification:_identify(src) by extension 'cmake'
[0.105s] Level 1:colcon.colcon_core.package_identification:_identify(src) by extension 'python'
[0.105s] Level 1:colcon.colcon_core.package_identification:_identify(src) by extensions ['python_setup_py']
[0.105s] Level 1:colcon.colcon_core.package_identification:_identify(src) by extension 'python_setup_py'
[0.105s] Level 1:colcon.colcon_core.package_identification:_identify(src/turtlebot_control) by extensions ['ignore', 'ignore_ament_install']
[0.105s] Level 1:colcon.colcon_core.package_identification:_identify(src/turtlebot_control) by extension 'ignore'
[0.105s] Level 1:colcon.colcon_core.package_identification:_identify(src/turtlebot_control) by extension 'ignore_ament_install'
[0.105s] Level 1:colcon.colcon_core.package_identification:_identify(src/turtlebot_control) by extensions ['colcon_pkg']
[0.105s] Level 1:colcon.colcon_core.package_identification:_identify(src/turtlebot_control) by extension 'colcon_pkg'
[0.105s] Level 1:colcon.colcon_core.package_identification:_identify(src/turtlebot_control) by extensions ['colcon_meta']
[0.105s] Level 1:colcon.colcon_core.package_identification:_identify(src/turtlebot_control) by extension 'colcon_meta'
[0.105s] Level 1:colcon.colcon_core.package_identification:_identify(src/turtlebot_control) by extensions ['ros']
[0.105s] Level 1:colcon.colcon_core.package_identification:_identify(src/turtlebot_control) by extension 'ros'
[0.107s] DEBUG:colcon.colcon_core.package_identification:Package 'src/turtlebot_control' with type 'ros.ament_python' and name 'turtlebot_control'
[0.107s] Level 1:colcon.colcon_core.package_identification:_identify(src/turtlebot_description) by extensions ['ignore', 'ignore_ament_install']
[0.107s] Level 1:colcon.colcon_core.package_identification:_identify(src/turtlebot_description) by extension 'ignore'
[0.107s] Level 1:colcon.colcon_core.package_identification:_identify(src/turtlebot_description) by extension 'ignore_ament_install'
[0.107s] Level 1:colcon.colcon_core.package_identification:_identify(src/turtlebot_description) by extensions ['colcon_pkg']
[0.107s] Level 1:colcon.colcon_core.package_identification:_identify(src/turtlebot_description) by extension 'colcon_pkg'
[0.107s] Level 1:colcon.colcon_core.package_identification:_identify(src/turtlebot_description) by extensions ['colcon_meta']
[0.107s] Level 1:colcon.colcon_core.package_identification:_identify(src/turtlebot_description) by extension 'colcon_meta'
[0.107s] Level 1:colcon.colcon_core.package_identification:_identify(src/turtlebot_description) by extensions ['ros']
[0.107s] Level 1:colcon.colcon_core.package_identification:_identify(src/turtlebot_description) by extension 'ros'
[0.108s] DEBUG:colcon.colcon_core.package_identification:Package 'src/turtlebot_description' with type 'ros.ament_cmake' and name 'turtlebot_description'
[0.108s] Level 1:colcon.colcon_core.package_discovery:discover_packages(recursive) using defaults
[0.108s] Level 1:colcon.colcon_core.package_discovery:discover_packages(ignore) discover
[0.108s] Level 1:colcon.colcon_core.package_discovery:discover_packages(ignore) using defaults
[0.108s] Level 1:colcon.colcon_core.package_discovery:discover_packages(path) discover
[0.108s] Level 1:colcon.colcon_core.package_discovery:discover_packages(path) using defaults
[0.119s] INFO:colcon.colcon_core.package_selection:Skipping not selected package 'turtlebot_control' in 'src/turtlebot_control'
[0.119s] Level 1:colcon.colcon_core.package_discovery:discover_packages(prefix_path) check parameters
[0.119s] Level 1:colcon.colcon_core.package_discovery:discover_packages(prefix_path) discover
[0.120s] DEBUG:colcon.colcon_installed_package_information.package_discovery:Found 2 installed packages in /home/alex/21iulie_ws/install
[0.121s] DEBUG:colcon.colcon_installed_package_information.package_discovery:Found 1 installed packages in /home/alex/install
[0.122s] DEBUG:colcon.colcon_installed_package_information.package_discovery:Found 559 installed packages in /opt/ros/jazzy
[0.123s] Level 1:colcon.colcon_core.package_discovery:discover_packages(prefix_path) using defaults
[0.168s] Level 5:colcon.colcon_core.verb:set package 'turtlebot_description' build argument 'cmake_args' from command line to 'None'
[0.168s] Level 5:colcon.colcon_core.verb:set package 'turtlebot_description' build argument 'cmake_target' from command line to 'None'
[0.168s] Level 5:colcon.colcon_core.verb:set package 'turtlebot_description' build argument 'cmake_target_skip_unavailable' from command line to 'False'
[0.168s] Level 5:colcon.colcon_core.verb:set package 'turtlebot_description' build argument 'cmake_clean_cache' from command line to 'False'
[0.168s] Level 5:colcon.colcon_core.verb:set package 'turtlebot_description' build argument 'cmake_clean_first' from command line to 'False'
[0.168s] Level 5:colcon.colcon_core.verb:set package 'turtlebot_description' build argument 'cmake_force_configure' from command line to 'False'
[0.168s] Level 5:colcon.colcon_core.verb:set package 'turtlebot_description' build argument 'ament_cmake_args' from command line to 'None'
[0.168s] Level 5:colcon.colcon_core.verb:set package 'turtlebot_description' build argument 'catkin_cmake_args' from command line to 'None'
[0.168s] Level 5:colcon.colcon_core.verb:set package 'turtlebot_description' build argument 'catkin_skip_building_tests' from command line to 'False'
[0.168s] DEBUG:colcon.colcon_core.verb:Building package 'turtlebot_description' with the following arguments: {'ament_cmake_args': None, 'build_base': '/home/alex/21iulie_ws/build/turtlebot_description', 'catkin_cmake_args': None, 'catkin_skip_building_tests': False, 'cmake_args': None, 'cmake_clean_cache': False, 'cmake_clean_first': False, 'cmake_force_configure': False, 'cmake_target': None, 'cmake_target_skip_unavailable': False, 'install_base': '/home/alex/21iulie_ws/install/turtlebot_description', 'merge_install': False, 'path': '/home/alex/21iulie_ws/src/turtlebot_description', 'symlink_install': False, 'test_result_base': None}
[0.168s] INFO:colcon.colcon_core.executor:Executing jobs using 'parallel' executor
[0.169s] DEBUG:colcon.colcon_parallel_executor.executor.parallel:run_until_complete
[0.169s] INFO:colcon.colcon_ros.task.ament_cmake.build:Building ROS package in '/home/alex/21iulie_ws/src/turtlebot_description' with build type 'ament_cmake'
[0.169s] INFO:colcon.colcon_cmake.task.cmake.build:Building CMake package in '/home/alex/21iulie_ws/src/turtlebot_description'
[0.170s] INFO:colcon.colcon_core.plugin_system:Skipping extension 'colcon_core.shell.bat': Not used on non-Windows systems
[0.171s] INFO:colcon.colcon_core.shell:Skip shell extension 'powershell' for command environment: Not usable outside of PowerShell
[0.171s] DEBUG:colcon.colcon_core.shell:Skip shell extension 'dsv' for command environment
[0.179s] DEBUG:colcon.colcon_core.event_handler.log_command:Invoking command in '/home/alex/21iulie_ws/build/turtlebot_description': CMAKE_PREFIX_PATH=${CMAKE_PREFIX_PATH}:/home/alex/21iulie_ws/install/turtlebot_control:/opt/ros/jazzy DEBUGINFOD_URLS=https://debuginfod.ubuntu.com /usr/bin/cmake --build /home/alex/21iulie_ws/build/turtlebot_description -- -j12 -l12
[0.209s] DEBUG:colcon.colcon_core.event_handler.log_command:Invoked command in '/home/alex/21iulie_ws/build/turtlebot_description' returned '0': CMAKE_PREFIX_PATH=${CMAKE_PREFIX_PATH}:/home/alex/21iulie_ws/install/turtlebot_control:/opt/ros/jazzy DEBUGINFOD_URLS=https://debuginfod.ubuntu.com /usr/bin/cmake --build /home/alex/21iulie_ws/build/turtlebot_description -- -j12 -l12
[0.218s] DEBUG:colcon.colcon_core.event_handler.log_command:Invoking command in '/home/alex/21iulie_ws/build/turtlebot_description': CMAKE_PREFIX_PATH=${CMAKE_PREFIX_PATH}:/home/alex/21iulie_ws/install/turtlebot_control:/opt/ros/jazzy DEBUGINFOD_URLS=https://debuginfod.ubuntu.com /usr/bin/cmake --install /home/alex/21iulie_ws/build/turtlebot_description
[0.228s] Level 1:colcon.colcon_core.environment:create_environment_scripts_only(turtlebot_description)
[0.228s] DEBUG:colcon.colcon_core.event_handler.log_command:Invoked command in '/home/alex/21iulie_ws/build/turtlebot_description' returned '0': CMAKE_PREFIX_PATH=${CMAKE_PREFIX_PATH}:/home/alex/21iulie_ws/install/turtlebot_control:/opt/ros/jazzy DEBUGINFOD_URLS=https://debuginfod.ubuntu.com /usr/bin/cmake --install /home/alex/21iulie_ws/build/turtlebot_description
[0.229s] Level 1:colcon.colcon_core.environment:checking '/home/alex/21iulie_ws/install/turtlebot_description' for CMake module files
[0.230s] Level 1:colcon.colcon_core.environment:checking '/home/alex/21iulie_ws/install/turtlebot_description' for CMake config files
[0.230s] Level 1:colcon.colcon_core.shell:create_environment_hook('turtlebot_description', 'cmake_prefix_path')
[0.230s] INFO:colcon.colcon_core.shell:Creating environment hook '/home/alex/21iulie_ws/install/turtlebot_description/share/turtlebot_description/hook/cmake_prefix_path.ps1'
[0.230s] INFO:colcon.colcon_core.shell:Creating environment descriptor '/home/alex/21iulie_ws/install/turtlebot_description/share/turtlebot_description/hook/cmake_prefix_path.dsv'
[0.230s] INFO:colcon.colcon_core.shell:Creating environment hook '/home/alex/21iulie_ws/install/turtlebot_description/share/turtlebot_description/hook/cmake_prefix_path.sh'
[0.231s] Level 1:colcon.colcon_core.environment:checking '/home/alex/21iulie_ws/install/turtlebot_description/bin'
[0.231s] Level 1:colcon.colcon_core.environment:checking '/home/alex/21iulie_ws/install/turtlebot_description/lib/pkgconfig/turtlebot_description.pc'
[0.231s] Level 1:colcon.colcon_core.environment:checking '/home/alex/21iulie_ws/install/turtlebot_description/lib/python3.12/site-packages'
[0.231s] Level 1:colcon.colcon_core.environment:checking '/home/alex/21iulie_ws/install/turtlebot_description/bin'
[0.231s] INFO:colcon.colcon_core.shell:Creating package script '/home/alex/21iulie_ws/install/turtlebot_description/share/turtlebot_description/package.ps1'
[0.232s] INFO:colcon.colcon_core.shell:Creating package descriptor '/home/alex/21iulie_ws/install/turtlebot_description/share/turtlebot_description/package.dsv'
[0.232s] INFO:colcon.colcon_core.shell:Creating package script '/home/alex/21iulie_ws/install/turtlebot_description/share/turtlebot_description/package.sh'
[0.233s] INFO:colcon.colcon_core.shell:Creating package script '/home/alex/21iulie_ws/install/turtlebot_description/share/turtlebot_description/package.bash'
[0.233s] INFO:colcon.colcon_core.shell:Creating package script '/home/alex/21iulie_ws/install/turtlebot_description/share/turtlebot_description/package.zsh'
[0.233s] Level 1:colcon.colcon_core.environment:create_file_with_runtime_dependencies(/home/alex/21iulie_ws/install/turtlebot_description/share/colcon-core/packages/turtlebot_description)
[0.233s] Level 1:colcon.colcon_core.environment:create_environment_scripts_only(turtlebot_description)
[0.234s] Level 1:colcon.colcon_core.environment:checking '/home/alex/21iulie_ws/install/turtlebot_description' for CMake module files
[0.234s] Level 1:colcon.colcon_core.environment:checking '/home/alex/21iulie_ws/install/turtlebot_description' for CMake config files
[0.234s] Level 1:colcon.colcon_core.shell:create_environment_hook('turtlebot_description', 'cmake_prefix_path')
[0.234s] INFO:colcon.colcon_core.shell:Creating environment hook '/home/alex/21iulie_ws/install/turtlebot_description/share/turtlebot_description/hook/cmake_prefix_path.ps1'
[0.234s] INFO:colcon.colcon_core.shell:Creating environment descriptor '/home/alex/21iulie_ws/install/turtlebot_description/share/turtlebot_description/hook/cmake_prefix_path.dsv'
[0.234s] INFO:colcon.colcon_core.shell:Creating environment hook '/home/alex/21iulie_ws/install/turtlebot_description/share/turtlebot_description/hook/cmake_prefix_path.sh'
[0.235s] Level 1:colcon.colcon_core.environment:checking '/home/alex/21iulie_ws/install/turtlebot_description/bin'
[0.235s] Level 1:colcon.colcon_core.environment:checking '/home/alex/21iulie_ws/install/turtlebot_description/lib/pkgconfig/turtlebot_description.pc'
[0.235s] Level 1:colcon.colcon_core.environment:checking '/home/alex/21iulie_ws/install/turtlebot_description/lib/python3.12/site-packages'
[0.235s] Level 1:colcon.colcon_core.environment:checking '/home/alex/21iulie_ws/install/turtlebot_description/bin'
[0.235s] INFO:colcon.colcon_core.shell:Creating package script '/home/alex/21iulie_ws/install/turtlebot_description/share/turtlebot_description/package.ps1'
[0.236s] INFO:colcon.colcon_core.shell:Creating package descriptor '/home/alex/21iulie_ws/install/turtlebot_description/share/turtlebot_description/package.dsv'
[0.236s] INFO:colcon.colcon_core.shell:Creating package script '/home/alex/21iulie_ws/install/turtlebot_description/share/turtlebot_description/package.sh'
[0.236s] INFO:colcon.colcon_core.shell:Creating package script '/home/alex/21iulie_ws/install/turtlebot_description/share/turtlebot_description/package.bash'
[0.236s] INFO:colcon.colcon_core.shell:Creating package script '/home/alex/21iulie_ws/install/turtlebot_description/share/turtlebot_description/package.zsh'
[0.237s] Level 1:colcon.colcon_core.environment:create_file_with_runtime_dependencies(/home/alex/21iulie_ws/install/turtlebot_description/share/colcon-core/packages/turtlebot_description)
[0.237s] DEBUG:colcon.colcon_parallel_executor.executor.parallel:closing loop
[0.237s] DEBUG:colcon.colcon_parallel_executor.executor.parallel:loop closed
[0.237s] DEBUG:colcon.colcon_parallel_executor.executor.parallel:run_until_complete finished with '0'
[0.237s] DEBUG:colcon.colcon_core.event_reactor:joining thread
[0.240s] INFO:colcon.colcon_core.plugin_system:Skipping extension 'colcon_notification.desktop_notification.terminal_notifier': Not used on non-Darwin systems
[0.240s] INFO:colcon.colcon_core.plugin_system:Skipping extension 'colcon_notification.desktop_notification.win32': Not used on non-Windows systems
[0.240s] INFO:colcon.colcon_notification.desktop_notification:Sending desktop notification using 'notify2'
[0.250s] DEBUG:colcon.colcon_core.event_reactor:joined thread
[0.250s] INFO:colcon.colcon_core.shell:Creating prefix script '/home/alex/21iulie_ws/install/local_setup.ps1'
[0.251s] INFO:colcon.colcon_core.shell:Creating prefix util module '/home/alex/21iulie_ws/install/_local_setup_util_ps1.py'
[0.251s] INFO:colcon.colcon_core.shell:Creating prefix chain script '/home/alex/21iulie_ws/install/setup.ps1'
[0.252s] INFO:colcon.colcon_core.shell:Creating prefix script '/home/alex/21iulie_ws/install/local_setup.sh'
[0.252s] INFO:colcon.colcon_core.shell:Creating prefix util module '/home/alex/21iulie_ws/install/_local_setup_util_sh.py'
[0.253s] INFO:colcon.colcon_core.shell:Creating prefix chain script '/home/alex/21iulie_ws/install/setup.sh'
[0.253s] INFO:colcon.colcon_core.shell:Creating prefix script '/home/alex/21iulie_ws/install/local_setup.bash'
[0.253s] INFO:colcon.colcon_core.shell:Creating prefix chain script '/home/alex/21iulie_ws/install/setup.bash'
[0.254s] INFO:colcon.colcon_core.shell:Creating prefix script '/home/alex/21iulie_ws/install/local_setup.zsh'
[0.254s] INFO:colcon.colcon_core.shell:Creating prefix chain script '/home/alex/21iulie_ws/install/setup.zsh'
